2026-04-27T15:24:57.879255+00:00 pop-os systemd[1]: modprobe@efi_pstore.service: Deactivated successfully.
2026-04-27T15:24:57.879321+00:00 pop-os systemd[1]: Finished modprobe@efi_pstore.service - Load Kernel Module efi_pstore.
2026-04-27T15:24:57.879331+00:00 pop-os systemd[1]: Finished systemd-remount-fs.service - Remount Root and Kernel File Systems.
2026-04-27T15:24:57.879335+00:00 pop-os systemd[1]: systemd-hwdb-update.service - Rebuild Hardware Database was skipped because no trigger condition checks were met.
2026-04-27T15:24:57.879338+00:00 pop-os systemd[1]: Starting systemd-journal-flush.service - Flush Journal to Persistent Storage...
2026-04-27T15:24:57.879355+00:00 pop-os systemd[1]: systemd-pstore.service - Platform Persistent Storage Archival was skipped because of an unmet condition check (ConditionDirectoryNotEmpty=/sys/fs/pstore).
2026-04-27T15:24:57.879359+00:00 pop-os systemd[1]: Starting systemd-random-seed.service - Load/Save OS Random Seed...
2026-04-27T15:24:57.879362+00:00 pop-os kernel: Linux version 6.18.7-76061807-generic (jenkins@warp.pop-os.org) (x86_64-linux-gnu-gcc-13 (Ubuntu 13.3.0-6ubuntu2~24.04) 13.3.0, GNU ld (GNU Binutils for Ubuntu) 2.42) #202601231045~1769703228~24.04~cb87b5b SMP PREEMPT_DYNAMIC Thu J
2026-04-27T15:24:57.879364+00:00 pop-os systemd[1]: systemd-tpm2-setup.service - TPM2 SRK Setup was skipped because of an unmet condition check (ConditionSecurity=measured-uki).
2026-04-27T15:24:57.879367+00:00 pop-os kernel: Command line: initrd=\EFI\Pop_OS-d862e27a-ca5e-44fd-bcb6-e9fa84ae5675\initrd.img root=UUID=d862e27a-ca5e-44fd-bcb6-e9fa84ae5675 ro quiet loglevel=0 systemd.show_status=false splash nvidia-drm.modeset=1
2026-04-27T15:24:57.879369+00:00 pop-os kernel: KERNEL supported cpus:
2026-04-27T15:24:57.879368+00:00 pop-os systemd[1]: Finished systemd-udev-trigger.service - Coldplug All udev Devices.
2026-04-27T15:24:57.879369+00:00 pop-os kernel:   Intel GenuineIntel
2026-04-27T15:24:57.879371+00:00 pop-os kernel:   AMD AuthenticAMD
2026-04-27T15:24:57.879372+00:00 pop-os kernel:   Hygon HygonGenuine
2026-04-27T15:24:57.879372+00:00 pop-os kernel:   Centaur CentaurHauls
2026-04-27T15:24:57.879372+00:00 pop-os systemd[1]: Starting ifupdown-pre.service - Helper to synchronize boot up for ifupdown...
2026-04-27T15:24:57.879374+00:00 pop-os kernel:   zhaoxin   Shanghai  
2026-04-27T15:24:57.879375+00:00 pop-os kernel: BIOS-provided physical RAM map:
2026-04-27T15:24:57.879375+00:00 pop-os kernel: BIOS-e820: [mem 0x0000000000000000-0x000000000009dfff] usable
2026-04-27T15:24:57.879376+00:00 pop-os kernel: BIOS-e820: [mem 0x000000000009e000-0x000000000009efff] reserved
2026-04-27T15:24:57.879376+00:00 pop-os kernel: BIOS-e820: [mem 0x000000000009f000-0x000000000009ffff] usable
2026-04-27T15:24:57.879377+00:00 pop-os kernel: BIOS-e820: [mem 0x00000000000a0000-0x00000000000fffff] reserved
2026-04-27T15:24:57.879376+00:00 pop-os systemd-modules-load[371]: Inserted module 'lp'
2026-04-27T15:24:57.879378+00:00 pop-os kernel: BIOS-e820: [mem 0x0000000000100000-0x000000005330cfff] usable
2026-04-27T15:24:57.879378+00:00 pop-os kernel: BIOS-e820: [mem 0x000000005330d000-0x000000005430cfff] reserved
2026-04-27T15:24:57.879379+00:00 pop-os kernel: BIOS-e820: [mem 0x000000005430d000-0x000000005443cfff] ACPI data
2026-04-27T15:24:57.879379+00:00 pop-os kernel: BIOS-e820: [mem 0x000000005443d000-0x0000000054645fff] ACPI NVS
2026-04-27T15:24:57.879379+00:00 pop-os kernel: BIOS-e820: [mem 0x0000000054646000-0x0000000059c4dfff] reserved
2026-04-27T15:24:57.879380+00:00 pop-os kernel: BIOS-e820: [mem 0x0000000059c4e000-0x0000000059c4efff] usable
2026-04-27T15:24:57.879380+00:00 pop-os kernel: BIOS-e820: [mem 0x0000000059c4f000-0x000000005f7fffff] reserved
2026-04-27T15:24:57.879379+00:00 pop-os systemd-modules-load[371]: Inserted module 'ppdev'
2026-04-27T15:24:57.879381+00:00 pop-os kernel: BIOS-e820: [mem 0x00000000e0000000-0x00000000efffffff] reserved
2026-04-27T15:24:57.879382+00:00 pop-os kernel: BIOS-e820: [mem 0x00000000fe000000-0x00000000fe010fff] reserved
2026-04-27T15:24:57.879382+00:00 pop-os kernel: BIOS-e820: [mem 0x00000000fec00000-0x00000000fec00fff] reserved
2026-04-27T15:24:57.879383+00:00 pop-os kernel: BIOS-e820: [mem 0x00000000fed00000-0x00000000fed03fff] reserved
2026-04-27T15:24:57.879383+00:00 pop-os kernel: BIOS-e820: [mem 0x00000000fee00000-0x00000000fee00fff] reserved
2026-04-27T15:24:57.879383+00:00 pop-os kernel: BIOS-e820: [mem 0x00000000ff000000-0x00000000ffffffff] reserved
2026-04-27T15:24:57.879385+00:00 pop-os kernel: BIOS-e820: [mem 0x0000000100000000-0x000000049e7fffff] usable
2026-04-27T15:24:57.879385+00:00 pop-os kernel: The simpledrm driver will not be probed
2026-04-27T15:24:57.879385+00:00 pop-os kernel: NX (Execute Disable) protection: active
2026-04-27T15:24:57.879386+00:00 pop-os kernel: APIC: Static calls initialized
2026-04-27T15:24:57.879383+00:00 pop-os systemd[1]: Finished keyboard-setup.service - Set the console keyboard layout.
2026-04-27T15:24:57.879386+00:00 pop-os kernel: efi: EFI v2.7 by American Megatrends
2026-04-27T15:24:57.879387+00:00 pop-os kernel: efi: ACPI=0x5443c000 ACPI 2.0=0x5443c014 TPMFinalLog=0x545d2000 SMBIOS=0x59808000 SMBIOS 3.0=0x59807000 MEMATTR=0x51ad7018 ESRT=0x52089198 RNG=0x543b6f18 INITRD=0x4e8abf98 TPMEventLog=0x543ad018 
2026-04-27T15:24:57.879389+00:00 pop-os systemd-modules-load[371]: Inserted module 'parport_pc'
2026-04-27T15:24:57.879391+00:00 pop-os kernel: random: crng init done
2026-04-27T15:24:57.879392+00:00 pop-os kernel: efi: Remove mem63: MMIO range=[0xe0000000-0xefffffff] (256MB) from e820 map
2026-04-27T15:24:57.879392+00:00 pop-os kernel: e820: remove [mem 0xe0000000-0xefffffff] reserved
2026-04-27T15:24:57.879393+00:00 pop-os kernel: efi: Not removing mem64: MMIO range=[0xfe000000-0xfe010fff] (68KB) from e820 map
2026-04-27T15:24:57.879393+00:00 pop-os kernel: efi: Not removing mem65: MMIO range=[0xfec00000-0xfec00fff] (4KB) from e820 map
2026-04-27T15:24:57.879393+00:00 pop-os kernel: efi: Not removing mem66: MMIO range=[0xfed00000-0xfed03fff] (16KB) from e820 map
2026-04-27T15:24:57.879392+00:00 pop-os systemd[1]: Finished ifupdown-pre.service - Helper to synchronize boot up for ifupdown.
2026-04-27T15:24:57.879394+00:00 pop-os kernel: efi: Not removing mem67: MMIO range=[0xfee00000-0xfee00fff] (4KB) from e820 map
2026-04-27T15:24:57.879396+00:00 pop-os kernel: efi: Remove mem68: MMIO range=[0xff000000-0xffffffff] (16MB) from e820 map
2026-04-27T15:24:57.879396+00:00 pop-os kernel: e820: remove [mem 0xff000000-0xffffffff] reserved
2026-04-27T15:24:57.879396+00:00 pop-os kernel: SMBIOS 3.2.0 present.
2026-04-27T15:24:57.879397+00:00 pop-os kernel: DMI: HP HP Pavilion Gaming Laptop 16-a0xxx/87AD, BIOS F.27 08/25/2023
2026-04-27T15:24:57.879396+00:00 pop-os systemd[1]: Finished systemd-random-seed.service - Load/Save OS Random Seed.
2026-04-27T15:24:57.879398+00:00 pop-os kernel: DMI: Memory slots populated: 2/2
2026-04-27T15:24:57.879399+00:00 pop-os kernel: tsc: Detected 2500.000 MHz processor
2026-04-27T15:24:57.879400+00:00 pop-os kernel: tsc: Detected 2499.952 MHz TSC
2026-04-27T15:24:57.879401+00:00 pop-os kernel: e820: update [mem 0x00000000-0x00000fff] usable ==> reserved
2026-04-27T15:24:57.879402+00:00 pop-os kernel: e820: remove [mem 0x000a0000-0x000fffff] usable
2026-04-27T15:24:57.879400+00:00 pop-os systemd-modules-load[371]: Inserted module 'msr'
2026-04-27T15:24:57.879402+00:00 pop-os kernel: last_pfn = 0x49e800 max_arch_pfn = 0x400000000
2026-04-27T15:24:57.879403+00:00 pop-os kernel: MTRR map: 5 entries (3 fixed + 2 variable; max 23), built from 10 variable MTRRs
2026-04-27T15:24:57.879403+00:00 pop-os kernel: x86/PAT: Configuration [0-7]: WB  WC  UC- UC  WB  WP  UC- WT  
2026-04-27T15:24:57.879405+00:00 pop-os kernel: last_pfn = 0x59c4f max_arch_pfn = 0x400000000
2026-04-27T15:24:57.879404+00:00 pop-os systemd-modules-load[371]: Module 'uinput' is built in
2026-04-27T15:24:57.879406+00:00 pop-os kernel: esrt: Reserving ESRT space from 0x0000000052089198 to 0x00000000520891d0.
2026-04-27T15:24:57.879407+00:00 pop-os kernel: e820: update [mem 0x52089000-0x52089fff] usable ==> reserved
2026-04-27T15:24:57.879407+00:00 pop-os kernel: Using GB pages for direct mapping
2026-04-27T15:24:57.879407+00:00 pop-os kernel: Secure boot disabled
2026-04-27T15:24:57.879408+00:00 pop-os kernel: RAMDISK: [mem 0x367c2000-0x3e89dfff]
2026-04-27T15:24:57.879408+00:00 pop-os kernel: ACPI: Early table checksum verification disabled
2026-04-27T15:24:57.879410+00:00 pop-os kernel: ACPI: RSDP 0x000000005443C014 000024 (v02 HPQOEM)
2026-04-27T15:24:57.879411+00:00 pop-os kernel: ACPI: XSDT 0x000000005443B728 00010C (v01 HPQOEM SLIC-MPC 01072009 AMI  01000013)
2026-04-27T15:24:57.879408+00:00 pop-os systemd-modules-load[371]: Inserted module 'kyber_iosched'
2026-04-27T15:24:57.879412+00:00 pop-os kernel: ACPI: FACP 0x0000000054432000 000114 (v06 HPQOEM SLIC-MPC 01072009 HP   00010013)
2026-04-27T15:24:57.879412+00:00 pop-os kernel: ACPI: DSDT 0x00000000543E2000 04FC98 (v02 HPQOEM 87AD     01072009 ACPI 20160527)
2026-04-27T15:24:57.879413+00:00 pop-os kernel: ACPI: FACS 0x0000000054643000 000040
2026-04-27T15:24:57.879414+00:00 pop-os kernel: ACPI: MCFG 0x000000005443A000 00003C (v01 HPQOEM 87AD     01072009 HP   00000097)
2026-04-27T15:24:57.879414+00:00 pop-os systemd[1]: Finished systemd-modules-load.service - Load Kernel Modules.
2026-04-27T15:24:57.879416+00:00 pop-os kernel: ACPI: SSDT 0x0000000054437000 0020AD (v02 HPQOEM 87AD     00003000 ACPI 20160527)
2026-04-27T15:24:57.879416+00:00 pop-os kernel: ACPI: SSDT 0x0000000054433000 003715 (v02 HPQOEM 87AD     00001000 ACPI 20160527)
2026-04-27T15:24:57.879417+00:00 pop-os kernel: ACPI: FIDT 0x00000000543E1000 00009C (v01 HPQOEM 87AD     01072009 HP   00010013)
2026-04-27T15:24:57.879418+00:00 pop-os kernel: ACPI: MSDM 0x00000000543E0000 000055 (v03 HPQOEM SLIC-MPC 00000001 HP   00010013)
2026-04-27T15:24:57.879418+00:00 pop-os kernel: ACPI: SSDT 0x00000000543DC000 0031DA (v02 HPQOEM 87AD     00003000 ACPI 20160527)
2026-04-27T15:24:57.879417+00:00 pop-os systemd[1]: Starting systemd-sysctl.service - Apply Kernel Variables...
2026-04-27T15:24:57.879419+00:00 pop-os kernel: ACPI: SSDT 0x00000000543D9000 002A06 (v02 HPQOEM 87AD     00001000 ACPI 20160527)
2026-04-27T15:24:57.879421+00:00 pop-os kernel: ACPI: HPET 0x00000000543D8000 000038 (v01 HPQOEM 87AD     01072009 HP   01000013)
2026-04-27T15:24:57.879421+00:00 pop-os systemd[1]: Finished systemd-journal-flush.service - Flush Journal to Persistent Storage.
2026-04-27T15:24:57.879423+00:00 pop-os kernel: ACPI: SSDT 0x00000000543D4000 003240 (v02 HPQOEM 87AD     00000000 ACPI 20160527)
2026-04-27T15:24:57.879424+00:00 pop-os kernel: ACPI: NHLT 0x00000000543D2000 001B84 (v00 HPQOEM 87AD     01072009 HP   01000013)
2026-04-27T15:24:57.879425+00:00 pop-os kernel: ACPI: LPIT 0x00000000543D1000 000094 (v01 HPQOEM 87AD     01072009 HP   01000013)
2026-04-27T15:24:57.879425+00:00 pop-os kernel: ACPI: SSDT 0x00000000543CE000 001385 (v02 HPQOEM 87AD     00001000 ACPI 20160527)
2026-04-27T15:24:57.879426+00:00 pop-os kernel: ACPI: SSDT 0x00000000543CD000 00013A (v02 HPQOEM 87AD     00000000 ACPI 20160527)
2026-04-27T15:24:57.879426+00:00 pop-os kernel: ACPI: DBGP 0x00000000543CC000 000034 (v01 HPQOEM 87AD     01072009 HP   01000013)
2026-04-27T15:24:57.879425+00:00 pop-os systemd[1]: Finished systemd-tmpfiles-setup-dev-early.service - Create Static Device Nodes in /dev gracefully.
